Initiliazing logfile 
Cosine similarities: tensor([0.2151, 0.2230, 0.2247]) 
Logits per image: tensor([21.5055, 22.3044, 22.4729])
Cosine similarities: tensor([0.2027, 0.2113, 0.2134]) 
Logits per image: tensor([20.2720, 21.1321, 21.3396])
Cosine similarities: tensor([0.2160, 0.2248, 0.2178]) 
Logits per image: tensor([21.5999, 22.4804, 21.7808])
Cosine similarities: tensor([0.2141, 0.2204, 0.2176]) 
Logits per image: tensor([21.4095, 22.0384, 21.7607])
Cosine similarities: tensor([0.2171, 0.2247, 0.2204]) 
Logits per image: tensor([21.7052, 22.4660, 22.0434])
Cosine similarities: tensor([0.2127, 0.2183, 0.2196]) 
Logits per image: tensor([21.2722, 21.8274, 21.9611])
Cosine similarities: tensor([0.2127, 0.2189, 0.2175]) 
Logits per image: tensor([21.2730, 21.8861, 21.7498])
Cosine similarities: tensor([0.2092, 0.2223, 0.2194]) 
Logits per image: tensor([20.9247, 22.2301, 21.9428])
Cosine similarities: tensor([0.2003, 0.2111, 0.2139]) 
Logits per image: tensor([20.0282, 21.1100, 21.3888])
